[INFO] Scanning for projects...
[WARNING] 
[WARNING] Some problems were encountered while building the effective model for varga.weave:weave-yarn-bridge:jar:0.1.0-SNAPSHOT
[WARNING] 'build.plugins.plugin.version' for org.codehaus.mojo:license-maven-plugin is missing. @ line 192, column 21
[WARNING] 
[WARNING] It is highly recommended to fix these problems because they threaten the stability of your build.
[WARNING] 
[WARNING] For this reason, future Maven versions might no longer support building such malformed projects.
[WARNING] 
[INFO] ------------------------------------------------------------------------
[INFO] Detecting the operating system and CPU architecture
[INFO] ------------------------------------------------------------------------
[INFO] os.detected.name: linux
[INFO] os.detected.arch: x86_64
[INFO] os.detected.release: ubuntu
[INFO] os.detected.release.version: 24.04
[INFO] os.detected.release.like.ubuntu: true
[INFO] os.detected.release.like.debian: true
[INFO] os.detected.classifier: linux-x86_64
[INFO] 
[INFO] -------------------< varga.weave:weave-yarn-bridge >--------------------
[INFO] Building Weave Yarn Bridge 0.1.0-SNAPSHOT
[INFO]   from pom.xml
[INFO] --------------------------------[ jar ]---------------------------------
[INFO] 
[INFO] --- protobuf:0.6.1:compile (generate-proto) @ weave-yarn-bridge ---
[INFO] Compiling 11 proto file(s) to /home/devil/git/weave/target/generated-sources/protobuf/java
[INFO] 
[INFO] --- build-helper:3.4.0:add-source (add-input) @ weave-yarn-bridge ---
[INFO] Source directory: /home/devil/git/weave/target/generated-sources/protobuf added.
[INFO] 
[INFO] --- license:2.7.1:check-file-header (check-file-header) @ weave-yarn-bridge ---
[WARNING] File encoding has not been set, using platform encoding UTF-8, i.e. build is platform dependent!
[INFO] Adding a license repository jar:file:/home/devil/.m2/repository/org/codehaus/mojo/license-maven-plugin/2.7.1/license-maven-plugin-2.7.1.jar!/META-INF/licenses/
[INFO] Will search files to update from root /home/devil/git/weave/src/main
[INFO] Will search files to update from root /home/devil/git/weave/src/test
[INFO] Scan 61 files header done in 96.758ms.
[INFO] All files are up-to-date.
[INFO] 
[INFO] --- resources:3.3.1:resources (default-resources) @ weave-yarn-bridge ---
[WARNING] Using platform encoding (UTF-8 actually) to copy filtered resources, i.e. build is platform dependent!
[INFO] Copying 2 resources from src/main/resources to target/classes
[INFO] Copying 11 resources from src/main/proto to target/classes
[INFO] 
[INFO] --- compiler:3.11.0:compile (default-compile) @ weave-yarn-bridge ---
[INFO] Changes detected - recompiling the module! :source
[WARNING] File encoding has not been set, using platform encoding UTF-8, i.e. build is platform dependent!
[INFO] Compiling 54 source files with javac [debug target 17] to target/classes
[INFO] -------------------------------------------------------------
[WARNING] COMPILATION WARNING : 
[INFO] -------------------------------------------------------------
[WARNING] /home/devil/git/weave/src/main/java/varga/weave/core/HadoopOptions.java:[26,1] Generating equals/hashCode implementation but without a call to superclass, even though this class does not extend java.lang.Object. If this is intentional, add '@EqualsAndHashCode(callSuper=false)' to your type.
[INFO] 1 warning
[INFO] -------------------------------------------------------------
[INFO] -------------------------------------------------------------
[ERROR] COMPILATION ERROR : 
[INFO] -------------------------------------------------------------
[ERROR] /home/devil/git/weave/src/main/java/varga/weave/rpc/protocol/YarnApplicationClientProtocolService.java:[38,33] package org.jetbrains.annotations does not exist
[ERROR] /home/devil/git/weave/src/main/java/varga/weave/rpc/protocol/RpcAuthenticationManager.java:[23,23] package varga.weave.job does not exist
[ERROR] /home/devil/git/weave/src/main/java/varga/weave/rpc/protocol/RpcAuthenticationManager.java:[24,31] package varga.weave.job.adapter does not exist
[ERROR] /home/devil/git/weave/src/main/java/varga/weave/rpc/protocol/RpcAuthenticationManager.java:[25,31] package varga.weave.job.adapter does not exist
[ERROR] /home/devil/git/weave/src/main/java/varga/weave/rpc/protocol/RpcAuthenticationManager.java:[26,24] cannot find symbol
  symbol:   class AuthenticationType
  location: package varga.weave.core
[ERROR] /home/devil/git/weave/src/main/java/varga/weave/rpc/protocol/RpcAuthenticationManager.java:[27,24] cannot find symbol
  symbol:   class InternalAuthentication
  location: package varga.weave.core
[ERROR] /home/devil/git/weave/src/main/java/varga/weave/rpc/protocol/RpcAuthenticationManager.java:[32,49] package org.springframework.security.core.context does not exist
[ERROR] /home/devil/git/weave/src/main/java/varga/weave/virtual/VirtualApplicationRepository.java:[28,47] package org.apache.hadoop.yarn.proto.YarnProtos does not exist
[ERROR] /home/devil/git/weave/src/main/java/varga/weave/rpc/protocol/YarnApplicationClientProtocolService.java:[63,19] cannot find symbol
  symbol:   class BridgeManagerInputPort
  location: class varga.weave.rpc.protocol.YarnApplicationClientProtocolService
[ERROR] /home/devil/git/weave/src/main/java/varga/weave/rpc/protocol/YarnApplicationClientProtocolService.java:[64,19] cannot find symbol
  symbol:   class ProjectManagerInputPort
  location: class varga.weave.rpc.protocol.YarnApplicationClientProtocolService
[ERROR] /home/devil/git/weave/src/main/java/varga/weave/rpc/protocol/YarnApplicationClientProtocolService.java:[65,19] cannot find symbol
  symbol:   class JobManagerInputPort
  location: class varga.weave.rpc.protocol.YarnApplicationClientProtocolService
[ERROR] /home/devil/git/weave/src/main/java/varga/weave/rpc/protocol/YarnApplicationClientProtocolService.java:[66,19] cannot find symbol
  symbol:   class InfrastructureManagerInputPort
  location: class varga.weave.rpc.protocol.YarnApplicationClientProtocolService
[ERROR] /home/devil/git/weave/src/main/java/varga/weave/rpc/protocol/YarnApplicationClientProtocolService.java:[67,19] cannot find symbol
  symbol:   class TenantManagerInputPort
  location: class varga.weave.rpc.protocol.YarnApplicationClientProtocolService
[ERROR] /home/devil/git/weave/src/main/java/varga/weave/rpc/protocol/YarnApplicationClientProtocolService.java:[68,19] cannot find symbol
  symbol:   class DataManagerInputPort
  location: class varga.weave.rpc.protocol.YarnApplicationClientProtocolService
[ERROR] /home/devil/git/weave/src/main/java/varga/weave/rpc/protocol/YarnApplicationClientProtocolService.java:[145,61] cannot find symbol
  symbol:   class ApplicationIdProto
  location: class varga.weave.rpc.protocol.YarnApplicationClientProtocolService
[ERROR] /home/devil/git/weave/src/main/java/varga/weave/rpc/protocol/YarnApplicationClientProtocolService.java:[145,95] cannot find symbol
  symbol:   class Job
  location: class varga.weave.rpc.protocol.YarnApplicationClientProtocolService
[ERROR] /home/devil/git/weave/src/main/java/varga/weave/rpc/protocol/YarnApplicationClientProtocolService.java:[145,102] cannot find symbol
  symbol:   class JobRun
  location: class varga.weave.rpc.protocol.YarnApplicationClientProtocolService
[ERROR] /home/devil/git/weave/src/main/java/varga/weave/rpc/protocol/YarnApplicationClientProtocolService.java:[145,13] cannot find symbol
  symbol:   class GetApplicationReportResponseProto
  location: class varga.weave.rpc.protocol.YarnApplicationClientProtocolService
[ERROR] /home/devil/git/weave/src/main/java/varga/weave/rpc/protocol/YarnApplicationClientProtocolService.java:[156,64] cannot find symbol
  symbol:   class ApplicationIdProto
  location: class varga.weave.rpc.protocol.YarnApplicationClientProtocolService
[ERROR] /home/devil/git/weave/src/main/java/varga/weave/rpc/protocol/YarnApplicationClientProtocolService.java:[156,98] cannot find symbol
  symbol:   class JobRun
  location: class varga.weave.rpc.protocol.YarnApplicationClientProtocolService
[ERROR] /home/devil/git/weave/src/main/java/varga/weave/rpc/protocol/YarnApplicationClientProtocolService.java:[156,20] cannot find symbol
  symbol:   class ApplicationReportProto
  location: class varga.weave.rpc.protocol.YarnApplicationClientProtocolService
[ERROR] /home/devil/git/weave/src/main/java/varga/weave/rpc/protocol/YarnApplicationClientProtocolService.java:[279,66] cannot find symbol
  symbol:   class ApplicationSubmissionContextProto
  location: class varga.weave.rpc.protocol.YarnApplicationClientProtocolService
[ERROR] /home/devil/git/weave/src/main/java/varga/weave/rpc/protocol/YarnApplicationClientProtocolService.java:[280,30] cannot find symbol
  symbol:   class ApplicationIdProto
  location: class varga.weave.rpc.protocol.YarnApplicationClientProtocolService
[ERROR] /home/devil/git/weave/src/main/java/varga/weave/rpc/protocol/YarnApplicationClientProtocolService.java:[280,104] cannot find symbol
  symbol:   class Project
  location: class varga.weave.rpc.protocol.YarnApplicationClientProtocolService
[ERROR] /home/devil/git/weave/src/main/java/varga/weave/rpc/protocol/YarnApplicationClientProtocolService.java:[280,121] cannot find symbol
  symbol:   class Bridge
  location: class varga.weave.rpc.protocol.YarnApplicationClientProtocolService
[ERROR] /home/devil/git/weave/src/main/java/varga/weave/rpc/protocol/YarnApplicationClientProtocolService.java:[359,34] cannot find symbol
  symbol:   class ApplicationSubmissionContextProto
  location: class varga.weave.rpc.protocol.YarnApplicationClientProtocolService
[ERROR] /home/devil/git/weave/src/main/java/varga/weave/rpc/protocol/YarnApplicationClientProtocolService.java:[359,85] cannot find symbol
  symbol:   class HadoopOptions
  location: class varga.weave.rpc.protocol.YarnApplicationClientProtocolService
[ERROR] /home/devil/git/weave/src/main/java/varga/weave/rpc/protocol/YarnApplicationClientProtocolService.java:[57,1] cannot find symbol
  symbol:   class BridgeManagerInputPort
  location: class varga.weave.rpc.protocol.YarnApplicationClientProtocolService
[ERROR] /home/devil/git/weave/src/main/java/varga/weave/virtual/VirtualApplicationRepository.java:[43,17] cannot find symbol
  symbol:   class ApplicationIdProto
  location: class varga.weave.virtual.VirtualApplicationRepository
[ERROR] /home/devil/git/weave/src/main/java/varga/weave/virtual/VirtualApplicationRepository.java:[44,57] cannot find symbol
  symbol:   class ApplicationIdProto
  location: class varga.weave.virtual.VirtualApplicationRepository
[ERROR] /home/devil/git/weave/src/main/java/varga/weave/virtual/VirtualApplicationRepository.java:[46,54] cannot find symbol
  symbol:   class ApplicationIdProto
  location: class varga.weave.virtual.VirtualApplicationRepository
[ERROR] /home/devil/git/weave/src/main/java/varga/weave/virtual/VirtualApplicationRepository.java:[56,87] cannot find symbol
  symbol:   class ApplicationIdProto
  location: class varga.weave.virtual.VirtualApplicationRepository
[ERROR] /home/devil/git/weave/src/main/java/varga/weave/virtual/VirtualApplicationRepository.java:[62,17] cannot find symbol
  symbol:   class ApplicationIdProto
  location: class varga.weave.virtual.VirtualApplicationRepository
[ERROR] /home/devil/git/weave/src/main/java/varga/weave/rpc/protocol/RpcAuthenticationManager.java:[41,19] cannot find symbol
  symbol:   class UserRepositoryAdapter
  location: class varga.weave.rpc.protocol.RpcAuthenticationManager
[ERROR] /home/devil/git/weave/src/main/java/varga/weave/rpc/protocol/RpcAuthenticationManager.java:[42,19] cannot find symbol
  symbol:   class ApplicationRepositoryAdapter
  location: class varga.weave.rpc.protocol.RpcAuthenticationManager
[ERROR] /home/devil/git/weave/src/main/java/varga/weave/rpc/protocol/RpcAuthenticationManager.java:[38,1] cannot find symbol
  symbol:   class UserRepositoryAdapter
  location: class varga.weave.rpc.protocol.RpcAuthenticationManager
[ERROR] /home/devil/git/weave/src/main/java/varga/weave/rpc/protocol/YarnApplicationClientProtocolService.java:[29,1] package varga.weave.job.port does not exist
[ERROR] /home/devil/git/weave/src/main/java/varga/weave/rpc/protocol/YarnApplicationClientProtocolService.java:[36,1] package org.apache.hadoop.yarn.proto.YarnProtos does not exist
[ERROR] /home/devil/git/weave/src/main/java/varga/weave/rpc/protocol/YarnApplicationClientProtocolService.java:[37,1] package org.apache.hadoop.yarn.proto.YarnServiceProtos does not exist
[ERROR] /home/devil/git/weave/src/main/java/varga/weave/rpc/netty/NettyServerRpcConnection.java:[28,38] package org.apache.hadoop.ipc.protobuf does not exist
[ERROR] /home/devil/git/weave/src/main/java/varga/weave/rpc/netty/NettyServerRpcConnection.java:[29,38] package org.apache.hadoop.ipc.protobuf does not exist
[ERROR] /home/devil/git/weave/src/main/java/varga/weave/rpc/netty/NettyServerRpcConnection.java:[59,39] package IpcConnectionContextProtos does not exist
[ERROR] /home/devil/git/weave/src/main/java/varga/weave/rpc/netty/NettyServerRpcConnection.java:[60,28] package RpcHeaderProtos does not exist
[ERROR] /home/devil/git/weave/src/main/java/varga/weave/rpc/IdUtils.java:[23,36] package org.apache.hadoop.yarn.proto does not exist
[ERROR] /home/devil/git/weave/src/main/java/varga/weave/rpc/IdUtils.java:[34,51] package YarnProtos does not exist
[ERROR] /home/devil/git/weave/src/main/java/varga/weave/rpc/IdUtils.java:[35,51] package YarnProtos does not exist
[ERROR] /home/devil/git/weave/src/main/java/varga/weave/rpc/IdUtils.java:[36,51] package YarnProtos does not exist
[ERROR] /home/devil/git/weave/src/main/java/varga/weave/rpc/IdUtils.java:[47,51] package YarnProtos does not exist
[ERROR] /home/devil/git/weave/src/main/java/varga/weave/rpc/IdUtils.java:[53,53] package YarnProtos does not exist
[ERROR] /home/devil/git/weave/src/main/java/varga/weave/rpc/IdUtils.java:[62,45] package YarnProtos does not exist
[ERROR] /home/devil/git/weave/src/main/java/varga/weave/rpc/RpcPacketHandler.java:[26,38] package org.apache.hadoop.ipc.protobuf does not exist
[ERROR] /home/devil/git/weave/src/main/java/varga/weave/rpc/RpcPacketHandler.java:[27,38] package org.apache.hadoop.ipc.protobuf does not exist
[ERROR] /home/devil/git/weave/src/main/java/varga/weave/rpc/RpcPacketHandler.java:[28,77] package org.apache.hadoop.ipc.protobuf.RpcHeaderProtos.RpcResponseHeaderProto does not exist
[ERROR] /home/devil/git/weave/src/main/java/varga/weave/rpc/RpcPacketHandler.java:[29,77] package org.apache.hadoop.ipc.protobuf.RpcHeaderProtos.RpcResponseHeaderProto does not exist
[ERROR] /home/devil/git/weave/src/main/java/varga/weave/rpc/PacketHandler.java:[23,38] package org.apache.hadoop.ipc.protobuf does not exist
[ERROR] /home/devil/git/weave/src/main/java/varga/weave/rpc/RpcPacketHandler.java:[56,39] package RpcHeaderProtos does not exist
[ERROR] /home/devil/git/weave/src/main/java/varga/weave/rpc/PacketHandler.java:[32,32] package RpcHeaderProtos does not exist
[ERROR] /home/devil/git/weave/src/main/java/varga/weave/rpc/protocol/YarnContainerManagementProtocolService.java:[27,23] package varga.weave.job does not exist
[ERROR] /home/devil/git/weave/src/main/java/varga/weave/rpc/protocol/YarnContainerManagementProtocolService.java:[28,27] package varga.weave.job.k8s does not exist
[ERROR] /home/devil/git/weave/src/main/java/varga/weave/rpc/protocol/YarnContainerManagementProtocolService.java:[29,27] package varga.weave.job.k8s does not exist
[ERROR] /home/devil/git/weave/src/main/java/varga/weave/rpc/protocol/YarnContainerManagementProtocolService.java:[30,27] package varga.weave.job.k8s does not exist
[ERROR] /home/devil/git/weave/src/main/java/varga/weave/rpc/protocol/YarnContainerManagementProtocolService.java:[31,28] package varga.weave.job.port does not exist
[ERROR] /home/devil/git/weave/src/main/java/varga/weave/rpc/protocol/YarnContainerManagementProtocolService.java:[32,26] package varga.weave.common does not exist
[ERROR] /home/devil/git/weave/src/main/java/varga/weave/rpc/protocol/YarnContainerManagementProtocolService.java:[33,24] cannot find symbol
  symbol:   class KubernetesTarget
  location: package varga.weave.core
[ERROR] /home/devil/git/weave/src/main/java/varga/weave/rpc/protocol/YarnContainerManagementProtocolService.java:[34,24] cannot find symbol
  symbol:   class Utils
  location: package varga.weave.core
[ERROR] /home/devil/git/weave/src/main/java/varga/weave/rpc/protocol/YarnContainerManagementProtocolService.java:[35,37] package varga.weave.yarn.rpc.protocol does not exist
[ERROR] /home/devil/git/weave/src/main/java/varga/weave/rpc/protocol/YarnContainerManagementProtocolService.java:[37,48] package io.fabric8.kubernetes.api.model.batch.v1 does not exist
[ERROR] /home/devil/git/weave/src/main/java/varga/weave/rpc/protocol/YarnContainerManagementProtocolService.java:[38,48] package io.fabric8.kubernetes.api.model.batch.v1 does not exist
[ERROR] /home/devil/git/weave/src/main/java/varga/weave/rpc/protocol/YarnContainerManagementProtocolService.java:[39,48] package io.fabric8.kubernetes.api.model.batch.v1 does not exist
[ERROR] /home/devil/git/weave/src/main/java/varga/weave/rpc/protocol/YarnContainerManagementProtocolService.java:[40,42] package io.fabric8.kubernetes.client.utils does not exist
[ERROR] /home/devil/git/weave/src/main/java/varga/weave/rpc/protocol/YarnContainerManagementProtocolService.java:[44,28] package org.apache.hadoop.io does not exist
[ERROR] /home/devil/git/weave/src/main/java/varga/weave/rpc/protocol/YarnContainerManagementProtocolService.java:[45,44] package org.apache.hadoop.mapreduce.security does not exist
[ERROR] /home/devil/git/weave/src/main/java/varga/weave/rpc/protocol/YarnContainerManagementProtocolService.java:[46,50] package org.apache.hadoop.mapreduce.security.token does not exist
[ERROR] /home/devil/git/weave/src/main/java/varga/weave/rpc/protocol/YarnContainerManagementProtocolService.java:[47,50] package org.apache.hadoop.mapreduce.security.token does not exist
[ERROR] /home/devil/git/weave/src/main/java/varga/weave/rpc/protocol/YarnContainerManagementProtocolService.java:[48,34] package org.apache.hadoop.security does not exist
[ERROR] /home/devil/git/weave/src/main/java/varga/weave/rpc/protocol/YarnContainerManagementProtocolService.java:[49,34] package org.apache.hadoop.security does not exist
[ERROR] /home/devil/git/weave/src/main/java/varga/weave/rpc/protocol/YarnContainerManagementProtocolService.java:[50,55] package org.apache.hadoop.security.proto.SecurityProtos does not exist
[ERROR] /home/devil/git/weave/src/main/java/varga/weave/rpc/protocol/YarnContainerManagementProtocolService.java:[51,40] package org.apache.hadoop.security.token does not exist
[ERROR] /home/devil/git/weave/src/main/java/varga/weave/virtual/VirtualContainerRepository.java:[28,47] package org.apache.hadoop.yarn.proto.YarnProtos does not exist
[ERROR] /home/devil/git/weave/src/main/java/varga/weave/virtual/VirtualContainerRepository.java:[29,47] package org.apache.hadoop.yarn.proto.YarnProtos does not exist
[ERROR] /home/devil/git/weave/src/main/java/varga/weave/virtual/VirtualContainerRepository.java:[30,47] package org.apache.hadoop.yarn.proto.YarnProtos does not exist
[ERROR] /home/devil/git/weave/src/main/java/varga/weave/virtual/VirtualContainerRepository.java:[31,47] package org.apache.hadoop.yarn.proto.YarnProtos does not exist
[ERROR] /home/devil/git/weave/src/main/java/varga/weave/rpc/protocol/YarnContainerManagementProtocolService.java:[85,19] cannot find symbol
  symbol:   class JobManagerInputPort
  location: class varga.weave.rpc.protocol.YarnContainerManagementProtocolService
[ERROR] /home/devil/git/weave/src/main/java/varga/weave/rpc/protocol/YarnContainerManagementProtocolService.java:[87,19] cannot find symbol
  symbol:   class KubernetesClientFactory
  location: class varga.weave.rpc.protocol.YarnContainerManagementProtocolService
[ERROR] /home/devil/git/weave/src/main/java/varga/weave/rpc/protocol/YarnContainerManagementProtocolService.java:[88,19] cannot find symbol
  symbol:   class FreemarkerRenderer
  location: class varga.weave.rpc.protocol.YarnContainerManagementProtocolService
[ERROR] /home/devil/git/weave/src/main/java/varga/weave/rpc/protocol/YarnContainerManagementProtocolService.java:[89,19] cannot find symbol
  symbol:   class NamespaceUtils
  location: class varga.weave.rpc.protocol.YarnContainerManagementProtocolService
[ERROR] /home/devil/git/weave/src/main/java/varga/weave/rpc/protocol/YarnContainerManagementProtocolService.java:[159,38] cannot find symbol
  symbol:   class Tenant
  location: class varga.weave.rpc.protocol.YarnContainerManagementProtocolService
[ERROR] /home/devil/git/weave/src/main/java/varga/weave/rpc/protocol/YarnContainerManagementProtocolService.java:[159,53] cannot find symbol
  symbol:   class Infrastructure
  location: class varga.weave.rpc.protocol.YarnContainerManagementProtocolService
[ERROR] /home/devil/git/weave/src/main/java/varga/weave/rpc/protocol/YarnContainerManagementProtocolService.java:[159,84] cannot find symbol
  symbol:   class ContainerProto
  location: class varga.weave.rpc.protocol.YarnContainerManagementProtocolService
[ERROR] /home/devil/git/weave/src/main/java/varga/weave/rpc/protocol/YarnContainerManagementProtocolService.java:[159,160] package varga.weave.job does not exist
[ERROR] /home/devil/git/weave/src/main/java/varga/weave/rpc/protocol/YarnContainerManagementProtocolService.java:[159,206] cannot find symbol
  symbol:   class ContainerLaunchContextProto
  location: class varga.weave.rpc.protocol.YarnContainerManagementProtocolService
[ERROR] /home/devil/git/weave/src/main/java/varga/weave/rpc/protocol/YarnContainerManagementProtocolService.java:[263,40] cannot find symbol
  symbol:   class KubernetesTarget
  location: class varga.weave.rpc.protocol.YarnContainerManagementProtocolService
[ERROR] /home/devil/git/weave/src/main/java/varga/weave/rpc/protocol/YarnContainerManagementProtocolService.java:[263,80] package varga.weave.job does not exist
[ERROR] /home/devil/git/weave/src/main/java/varga/weave/rpc/protocol/YarnContainerManagementProtocolService.java:[263,13] cannot find symbol
  symbol:   class Credentials
  location: class varga.weave.rpc.protocol.YarnContainerManagementProtocolService
[ERROR] /home/devil/git/weave/src/main/java/varga/weave/rpc/protocol/YarnContainerManagementProtocolService.java:[287,27] cannot find symbol
  symbol:   class Tenant
  location: class varga.weave.rpc.protocol.YarnContainerManagementProtocolService
[ERROR] /home/devil/git/weave/src/main/java/varga/weave/rpc/protocol/YarnContainerManagementProtocolService.java:[287,42] cannot find symbol
  symbol:   class ContainerProto
  location: class varga.weave.rpc.protocol.YarnContainerManagementProtocolService
[ERROR] /home/devil/git/weave/src/main/java/varga/weave/rpc/protocol/YarnContainerManagementProtocolService.java:[287,122] cannot find symbol
  symbol:   class ContainerLaunchContextProto
  location: class varga.weave.rpc.protocol.YarnContainerManagementProtocolService
[ERROR] /home/devil/git/weave/src/main/java/varga/weave/rpc/protocol/YarnContainerManagementProtocolService.java:[287,204] cannot find symbol
  symbol:   class Pod
  location: class varga.weave.rpc.protocol.YarnContainerManagementProtocolService
[ERROR] /home/devil/git/weave/src/main/java/varga/weave/rpc/protocol/YarnContainerManagementProtocolService.java:[287,296] cannot find symbol
  symbol:   class EnvVar
  location: class varga.weave.rpc.protocol.YarnContainerManagementProtocolService
[ERROR] /home/devil/git/weave/src/main/java/varga/weave/rpc/protocol/YarnContainerManagementProtocolService.java:[287,313] cannot find symbol
  symbol:   class Container
  location: class varga.weave.rpc.protocol.YarnContainerManagementProtocolService
[INFO] 100 errors 
[INFO] -------------------------------------------------------------
[INFO] ------------------------------------------------------------------------
[INFO] BUILD FAILURE
[INFO] ------------------------------------------------------------------------
[INFO] Total time:  4.118 s
[INFO] Finished at: 2026-01-06T13:11:50+01:00
[INFO] ------------------------------------------------------------------------
[ERROR] Failed to execute goal org.apache.maven.plugins:maven-compiler-plugin:3.11.0:compile (default-compile) on project weave-yarn-bridge: Compilation failure: Compilation failure: 
[ERROR] /home/devil/git/weave/src/main/java/varga/weave/rpc/protocol/YarnApplicationClientProtocolService.java:[38,33] package org.jetbrains.annotations does not exist
[ERROR] /home/devil/git/weave/src/main/java/varga/weave/rpc/protocol/RpcAuthenticationManager.java:[23,23] package varga.weave.job does not exist
[ERROR] /home/devil/git/weave/src/main/java/varga/weave/rpc/protocol/RpcAuthenticationManager.java:[24,31] package varga.weave.job.adapter does not exist
[ERROR] /home/devil/git/weave/src/main/java/varga/weave/rpc/protocol/RpcAuthenticationManager.java:[25,31] package varga.weave.job.adapter does not exist
[ERROR] /home/devil/git/weave/src/main/java/varga/weave/rpc/protocol/RpcAuthenticationManager.java:[26,24] cannot find symbol
[ERROR]   symbol:   class AuthenticationType
[ERROR]   location: package varga.weave.core
[ERROR] /home/devil/git/weave/src/main/java/varga/weave/rpc/protocol/RpcAuthenticationManager.java:[27,24] cannot find symbol
[ERROR]   symbol:   class InternalAuthentication
[ERROR]   location: package varga.weave.core
[ERROR] /home/devil/git/weave/src/main/java/varga/weave/rpc/protocol/RpcAuthenticationManager.java:[32,49] package org.springframework.security.core.context does not exist
[ERROR] /home/devil/git/weave/src/main/java/varga/weave/virtual/VirtualApplicationRepository.java:[28,47] package org.apache.hadoop.yarn.proto.YarnProtos does not exist
[ERROR] /home/devil/git/weave/src/main/java/varga/weave/rpc/protocol/YarnApplicationClientProtocolService.java:[63,19] cannot find symbol
[ERROR]   symbol:   class BridgeManagerInputPort
[ERROR]   location: class varga.weave.rpc.protocol.YarnApplicationClientProtocolService
[ERROR] /home/devil/git/weave/src/main/java/varga/weave/rpc/protocol/YarnApplicationClientProtocolService.java:[64,19] cannot find symbol
[ERROR]   symbol:   class ProjectManagerInputPort
[ERROR]   location: class varga.weave.rpc.protocol.YarnApplicationClientProtocolService
[ERROR] /home/devil/git/weave/src/main/java/varga/weave/rpc/protocol/YarnApplicationClientProtocolService.java:[65,19] cannot find symbol
[ERROR]   symbol:   class JobManagerInputPort
[ERROR]   location: class varga.weave.rpc.protocol.YarnApplicationClientProtocolService
[ERROR] /home/devil/git/weave/src/main/java/varga/weave/rpc/protocol/YarnApplicationClientProtocolService.java:[66,19] cannot find symbol
[ERROR]   symbol:   class InfrastructureManagerInputPort
[ERROR]   location: class varga.weave.rpc.protocol.YarnApplicationClientProtocolService
[ERROR] /home/devil/git/weave/src/main/java/varga/weave/rpc/protocol/YarnApplicationClientProtocolService.java:[67,19] cannot find symbol
[ERROR]   symbol:   class TenantManagerInputPort
[ERROR]   location: class varga.weave.rpc.protocol.YarnApplicationClientProtocolService
[ERROR] /home/devil/git/weave/src/main/java/varga/weave/rpc/protocol/YarnApplicationClientProtocolService.java:[68,19] cannot find symbol
[ERROR]   symbol:   class DataManagerInputPort
[ERROR]   location: class varga.weave.rpc.protocol.YarnApplicationClientProtocolService
[ERROR] /home/devil/git/weave/src/main/java/varga/weave/rpc/protocol/YarnApplicationClientProtocolService.java:[145,61] cannot find symbol
[ERROR]   symbol:   class ApplicationIdProto
[ERROR]   location: class varga.weave.rpc.protocol.YarnApplicationClientProtocolService
[ERROR] /home/devil/git/weave/src/main/java/varga/weave/rpc/protocol/YarnApplicationClientProtocolService.java:[145,95] cannot find symbol
[ERROR]   symbol:   class Job
[ERROR]   location: class varga.weave.rpc.protocol.YarnApplicationClientProtocolService
[ERROR] /home/devil/git/weave/src/main/java/varga/weave/rpc/protocol/YarnApplicationClientProtocolService.java:[145,102] cannot find symbol
[ERROR]   symbol:   class JobRun
[ERROR]   location: class varga.weave.rpc.protocol.YarnApplicationClientProtocolService
[ERROR] /home/devil/git/weave/src/main/java/varga/weave/rpc/protocol/YarnApplicationClientProtocolService.java:[145,13] cannot find symbol
[ERROR]   symbol:   class GetApplicationReportResponseProto
[ERROR]   location: class varga.weave.rpc.protocol.YarnApplicationClientProtocolService
[ERROR] /home/devil/git/weave/src/main/java/varga/weave/rpc/protocol/YarnApplicationClientProtocolService.java:[156,64] cannot find symbol
[ERROR]   symbol:   class ApplicationIdProto
[ERROR]   location: class varga.weave.rpc.protocol.YarnApplicationClientProtocolService
[ERROR] /home/devil/git/weave/src/main/java/varga/weave/rpc/protocol/YarnApplicationClientProtocolService.java:[156,98] cannot find symbol
[ERROR]   symbol:   class JobRun
[ERROR]   location: class varga.weave.rpc.protocol.YarnApplicationClientProtocolService
[ERROR] /home/devil/git/weave/src/main/java/varga/weave/rpc/protocol/YarnApplicationClientProtocolService.java:[156,20] cannot find symbol
[ERROR]   symbol:   class ApplicationReportProto
[ERROR]   location: class varga.weave.rpc.protocol.YarnApplicationClientProtocolService
[ERROR] /home/devil/git/weave/src/main/java/varga/weave/rpc/protocol/YarnApplicationClientProtocolService.java:[279,66] cannot find symbol
[ERROR]   symbol:   class ApplicationSubmissionContextProto
[ERROR]   location: class varga.weave.rpc.protocol.YarnApplicationClientProtocolService
[ERROR] /home/devil/git/weave/src/main/java/varga/weave/rpc/protocol/YarnApplicationClientProtocolService.java:[280,30] cannot find symbol
[ERROR]   symbol:   class ApplicationIdProto
[ERROR]   location: class varga.weave.rpc.protocol.YarnApplicationClientProtocolService
[ERROR] /home/devil/git/weave/src/main/java/varga/weave/rpc/protocol/YarnApplicationClientProtocolService.java:[280,104] cannot find symbol
[ERROR]   symbol:   class Project
[ERROR]   location: class varga.weave.rpc.protocol.YarnApplicationClientProtocolService
[ERROR] /home/devil/git/weave/src/main/java/varga/weave/rpc/protocol/YarnApplicationClientProtocolService.java:[280,121] cannot find symbol
[ERROR]   symbol:   class Bridge
[ERROR]   location: class varga.weave.rpc.protocol.YarnApplicationClientProtocolService
[ERROR] /home/devil/git/weave/src/main/java/varga/weave/rpc/protocol/YarnApplicationClientProtocolService.java:[359,34] cannot find symbol
[ERROR]   symbol:   class ApplicationSubmissionContextProto
[ERROR]   location: class varga.weave.rpc.protocol.YarnApplicationClientProtocolService
[ERROR] /home/devil/git/weave/src/main/java/varga/weave/rpc/protocol/YarnApplicationClientProtocolService.java:[359,85] cannot find symbol
[ERROR]   symbol:   class HadoopOptions
[ERROR]   location: class varga.weave.rpc.protocol.YarnApplicationClientProtocolService
[ERROR] /home/devil/git/weave/src/main/java/varga/weave/rpc/protocol/YarnApplicationClientProtocolService.java:[57,1] cannot find symbol
[ERROR]   symbol:   class BridgeManagerInputPort
[ERROR]   location: class varga.weave.rpc.protocol.YarnApplicationClientProtocolService
[ERROR] /home/devil/git/weave/src/main/java/varga/weave/virtual/VirtualApplicationRepository.java:[43,17] cannot find symbol
[ERROR]   symbol:   class ApplicationIdProto
[ERROR]   location: class varga.weave.virtual.VirtualApplicationRepository
[ERROR] /home/devil/git/weave/src/main/java/varga/weave/virtual/VirtualApplicationRepository.java:[44,57] cannot find symbol
[ERROR]   symbol:   class ApplicationIdProto
[ERROR]   location: class varga.weave.virtual.VirtualApplicationRepository
[ERROR] /home/devil/git/weave/src/main/java/varga/weave/virtual/VirtualApplicationRepository.java:[46,54] cannot find symbol
[ERROR]   symbol:   class ApplicationIdProto
[ERROR]   location: class varga.weave.virtual.VirtualApplicationRepository
[ERROR] /home/devil/git/weave/src/main/java/varga/weave/virtual/VirtualApplicationRepository.java:[56,87] cannot find symbol
[ERROR]   symbol:   class ApplicationIdProto
[ERROR]   location: class varga.weave.virtual.VirtualApplicationRepository
[ERROR] /home/devil/git/weave/src/main/java/varga/weave/virtual/VirtualApplicationRepository.java:[62,17] cannot find symbol
[ERROR]   symbol:   class ApplicationIdProto
[ERROR]   location: class varga.weave.virtual.VirtualApplicationRepository
[ERROR] /home/devil/git/weave/src/main/java/varga/weave/rpc/protocol/RpcAuthenticationManager.java:[41,19] cannot find symbol
[ERROR]   symbol:   class UserRepositoryAdapter
[ERROR]   location: class varga.weave.rpc.protocol.RpcAuthenticationManager
[ERROR] /home/devil/git/weave/src/main/java/varga/weave/rpc/protocol/RpcAuthenticationManager.java:[42,19] cannot find symbol
[ERROR]   symbol:   class ApplicationRepositoryAdapter
[ERROR]   location: class varga.weave.rpc.protocol.RpcAuthenticationManager
[ERROR] /home/devil/git/weave/src/main/java/varga/weave/rpc/protocol/RpcAuthenticationManager.java:[38,1] cannot find symbol
[ERROR]   symbol:   class UserRepositoryAdapter
[ERROR]   location: class varga.weave.rpc.protocol.RpcAuthenticationManager
[ERROR] /home/devil/git/weave/src/main/java/varga/weave/rpc/protocol/YarnApplicationClientProtocolService.java:[29,1] package varga.weave.job.port does not exist
[ERROR] /home/devil/git/weave/src/main/java/varga/weave/rpc/protocol/YarnApplicationClientProtocolService.java:[36,1] package org.apache.hadoop.yarn.proto.YarnProtos does not exist
[ERROR] /home/devil/git/weave/src/main/java/varga/weave/rpc/protocol/YarnApplicationClientProtocolService.java:[37,1] package org.apache.hadoop.yarn.proto.YarnServiceProtos does not exist
[ERROR] /home/devil/git/weave/src/main/java/varga/weave/rpc/netty/NettyServerRpcConnection.java:[28,38] package org.apache.hadoop.ipc.protobuf does not exist
[ERROR] /home/devil/git/weave/src/main/java/varga/weave/rpc/netty/NettyServerRpcConnection.java:[29,38] package org.apache.hadoop.ipc.protobuf does not exist
[ERROR] /home/devil/git/weave/src/main/java/varga/weave/rpc/netty/NettyServerRpcConnection.java:[59,39] package IpcConnectionContextProtos does not exist
[ERROR] /home/devil/git/weave/src/main/java/varga/weave/rpc/netty/NettyServerRpcConnection.java:[60,28] package RpcHeaderProtos does not exist
[ERROR] /home/devil/git/weave/src/main/java/varga/weave/rpc/IdUtils.java:[23,36] package org.apache.hadoop.yarn.proto does not exist
[ERROR] /home/devil/git/weave/src/main/java/varga/weave/rpc/IdUtils.java:[34,51] package YarnProtos does not exist
[ERROR] /home/devil/git/weave/src/main/java/varga/weave/rpc/IdUtils.java:[35,51] package YarnProtos does not exist
[ERROR] /home/devil/git/weave/src/main/java/varga/weave/rpc/IdUtils.java:[36,51] package YarnProtos does not exist
[ERROR] /home/devil/git/weave/src/main/java/varga/weave/rpc/IdUtils.java:[47,51] package YarnProtos does not exist
[ERROR] /home/devil/git/weave/src/main/java/varga/weave/rpc/IdUtils.java:[53,53] package YarnProtos does not exist
[ERROR] /home/devil/git/weave/src/main/java/varga/weave/rpc/IdUtils.java:[62,45] package YarnProtos does not exist
[ERROR] /home/devil/git/weave/src/main/java/varga/weave/rpc/RpcPacketHandler.java:[26,38] package org.apache.hadoop.ipc.protobuf does not exist
[ERROR] /home/devil/git/weave/src/main/java/varga/weave/rpc/RpcPacketHandler.java:[27,38] package org.apache.hadoop.ipc.protobuf does not exist
[ERROR] /home/devil/git/weave/src/main/java/varga/weave/rpc/RpcPacketHandler.java:[28,77] package org.apache.hadoop.ipc.protobuf.RpcHeaderProtos.RpcResponseHeaderProto does not exist
[ERROR] /home/devil/git/weave/src/main/java/varga/weave/rpc/RpcPacketHandler.java:[29,77] package org.apache.hadoop.ipc.protobuf.RpcHeaderProtos.RpcResponseHeaderProto does not exist
[ERROR] /home/devil/git/weave/src/main/java/varga/weave/rpc/PacketHandler.java:[23,38] package org.apache.hadoop.ipc.protobuf does not exist
[ERROR] /home/devil/git/weave/src/main/java/varga/weave/rpc/RpcPacketHandler.java:[56,39] package RpcHeaderProtos does not exist
[ERROR] /home/devil/git/weave/src/main/java/varga/weave/rpc/PacketHandler.java:[32,32] package RpcHeaderProtos does not exist
[ERROR] /home/devil/git/weave/src/main/java/varga/weave/rpc/protocol/YarnContainerManagementProtocolService.java:[27,23] package varga.weave.job does not exist
[ERROR] /home/devil/git/weave/src/main/java/varga/weave/rpc/protocol/YarnContainerManagementProtocolService.java:[28,27] package varga.weave.job.k8s does not exist
[ERROR] /home/devil/git/weave/src/main/java/varga/weave/rpc/protocol/YarnContainerManagementProtocolService.java:[29,27] package varga.weave.job.k8s does not exist
[ERROR] /home/devil/git/weave/src/main/java/varga/weave/rpc/protocol/YarnContainerManagementProtocolService.java:[30,27] package varga.weave.job.k8s does not exist
[ERROR] /home/devil/git/weave/src/main/java/varga/weave/rpc/protocol/YarnContainerManagementProtocolService.java:[31,28] package varga.weave.job.port does not exist
[ERROR] /home/devil/git/weave/src/main/java/varga/weave/rpc/protocol/YarnContainerManagementProtocolService.java:[32,26] package varga.weave.common does not exist
[ERROR] /home/devil/git/weave/src/main/java/varga/weave/rpc/protocol/YarnContainerManagementProtocolService.java:[33,24] cannot find symbol
[ERROR]   symbol:   class KubernetesTarget
[ERROR]   location: package varga.weave.core
[ERROR] /home/devil/git/weave/src/main/java/varga/weave/rpc/protocol/YarnContainerManagementProtocolService.java:[34,24] cannot find symbol
[ERROR]   symbol:   class Utils
[ERROR]   location: package varga.weave.core
[ERROR] /home/devil/git/weave/src/main/java/varga/weave/rpc/protocol/YarnContainerManagementProtocolService.java:[35,37] package varga.weave.yarn.rpc.protocol does not exist
[ERROR] /home/devil/git/weave/src/main/java/varga/weave/rpc/protocol/YarnContainerManagementProtocolService.java:[37,48] package io.fabric8.kubernetes.api.model.batch.v1 does not exist
[ERROR] /home/devil/git/weave/src/main/java/varga/weave/rpc/protocol/YarnContainerManagementProtocolService.java:[38,48] package io.fabric8.kubernetes.api.model.batch.v1 does not exist
[ERROR] /home/devil/git/weave/src/main/java/varga/weave/rpc/protocol/YarnContainerManagementProtocolService.java:[39,48] package io.fabric8.kubernetes.api.model.batch.v1 does not exist
[ERROR] /home/devil/git/weave/src/main/java/varga/weave/rpc/protocol/YarnContainerManagementProtocolService.java:[40,42] package io.fabric8.kubernetes.client.utils does not exist
[ERROR] /home/devil/git/weave/src/main/java/varga/weave/rpc/protocol/YarnContainerManagementProtocolService.java:[44,28] package org.apache.hadoop.io does not exist
[ERROR] /home/devil/git/weave/src/main/java/varga/weave/rpc/protocol/YarnContainerManagementProtocolService.java:[45,44] package org.apache.hadoop.mapreduce.security does not exist
[ERROR] /home/devil/git/weave/src/main/java/varga/weave/rpc/protocol/YarnContainerManagementProtocolService.java:[46,50] package org.apache.hadoop.mapreduce.security.token does not exist
[ERROR] /home/devil/git/weave/src/main/java/varga/weave/rpc/protocol/YarnContainerManagementProtocolService.java:[47,50] package org.apache.hadoop.mapreduce.security.token does not exist
[ERROR] /home/devil/git/weave/src/main/java/varga/weave/rpc/protocol/YarnContainerManagementProtocolService.java:[48,34] package org.apache.hadoop.security does not exist
[ERROR] /home/devil/git/weave/src/main/java/varga/weave/rpc/protocol/YarnContainerManagementProtocolService.java:[49,34] package org.apache.hadoop.security does not exist
[ERROR] /home/devil/git/weave/src/main/java/varga/weave/rpc/protocol/YarnContainerManagementProtocolService.java:[50,55] package org.apache.hadoop.security.proto.SecurityProtos does not exist
[ERROR] /home/devil/git/weave/src/main/java/varga/weave/rpc/protocol/YarnContainerManagementProtocolService.java:[51,40] package org.apache.hadoop.security.token does not exist
[ERROR] /home/devil/git/weave/src/main/java/varga/weave/virtual/VirtualContainerRepository.java:[28,47] package org.apache.hadoop.yarn.proto.YarnProtos does not exist
[ERROR] /home/devil/git/weave/src/main/java/varga/weave/virtual/VirtualContainerRepository.java:[29,47] package org.apache.hadoop.yarn.proto.YarnProtos does not exist
[ERROR] /home/devil/git/weave/src/main/java/varga/weave/virtual/VirtualContainerRepository.java:[30,47] package org.apache.hadoop.yarn.proto.YarnProtos does not exist
[ERROR] /home/devil/git/weave/src/main/java/varga/weave/virtual/VirtualContainerRepository.java:[31,47] package org.apache.hadoop.yarn.proto.YarnProtos does not exist
[ERROR] /home/devil/git/weave/src/main/java/varga/weave/rpc/protocol/YarnContainerManagementProtocolService.java:[85,19] cannot find symbol
[ERROR]   symbol:   class JobManagerInputPort
[ERROR]   location: class varga.weave.rpc.protocol.YarnContainerManagementProtocolService
[ERROR] /home/devil/git/weave/src/main/java/varga/weave/rpc/protocol/YarnContainerManagementProtocolService.java:[87,19] cannot find symbol
[ERROR]   symbol:   class KubernetesClientFactory
[ERROR]   location: class varga.weave.rpc.protocol.YarnContainerManagementProtocolService
[ERROR] /home/devil/git/weave/src/main/java/varga/weave/rpc/protocol/YarnContainerManagementProtocolService.java:[88,19] cannot find symbol
[ERROR]   symbol:   class FreemarkerRenderer
[ERROR]   location: class varga.weave.rpc.protocol.YarnContainerManagementProtocolService
[ERROR] /home/devil/git/weave/src/main/java/varga/weave/rpc/protocol/YarnContainerManagementProtocolService.java:[89,19] cannot find symbol
[ERROR]   symbol:   class NamespaceUtils
[ERROR]   location: class varga.weave.rpc.protocol.YarnContainerManagementProtocolService
[ERROR] /home/devil/git/weave/src/main/java/varga/weave/rpc/protocol/YarnContainerManagementProtocolService.java:[159,38] cannot find symbol
[ERROR]   symbol:   class Tenant
[ERROR]   location: class varga.weave.rpc.protocol.YarnContainerManagementProtocolService
[ERROR] /home/devil/git/weave/src/main/java/varga/weave/rpc/protocol/YarnContainerManagementProtocolService.java:[159,53] cannot find symbol
[ERROR]   symbol:   class Infrastructure
[ERROR]   location: class varga.weave.rpc.protocol.YarnContainerManagementProtocolService
[ERROR] /home/devil/git/weave/src/main/java/varga/weave/rpc/protocol/YarnContainerManagementProtocolService.java:[159,84] cannot find symbol
[ERROR]   symbol:   class ContainerProto
[ERROR]   location: class varga.weave.rpc.protocol.YarnContainerManagementProtocolService
[ERROR] /home/devil/git/weave/src/main/java/varga/weave/rpc/protocol/YarnContainerManagementProtocolService.java:[159,160] package varga.weave.job does not exist
[ERROR] /home/devil/git/weave/src/main/java/varga/weave/rpc/protocol/YarnContainerManagementProtocolService.java:[159,206] cannot find symbol
[ERROR]   symbol:   class ContainerLaunchContextProto
[ERROR]   location: class varga.weave.rpc.protocol.YarnContainerManagementProtocolService
[ERROR] /home/devil/git/weave/src/main/java/varga/weave/rpc/protocol/YarnContainerManagementProtocolService.java:[263,40] cannot find symbol
[ERROR]   symbol:   class KubernetesTarget
[ERROR]   location: class varga.weave.rpc.protocol.YarnContainerManagementProtocolService
[ERROR] /home/devil/git/weave/src/main/java/varga/weave/rpc/protocol/YarnContainerManagementProtocolService.java:[263,80] package varga.weave.job does not exist
[ERROR] /home/devil/git/weave/src/main/java/varga/weave/rpc/protocol/YarnContainerManagementProtocolService.java:[263,13] cannot find symbol
[ERROR]   symbol:   class Credentials
[ERROR]   location: class varga.weave.rpc.protocol.YarnContainerManagementProtocolService
[ERROR] /home/devil/git/weave/src/main/java/varga/weave/rpc/protocol/YarnContainerManagementProtocolService.java:[287,27] cannot find symbol
[ERROR]   symbol:   class Tenant
[ERROR]   location: class varga.weave.rpc.protocol.YarnContainerManagementProtocolService
[ERROR] /home/devil/git/weave/src/main/java/varga/weave/rpc/protocol/YarnContainerManagementProtocolService.java:[287,42] cannot find symbol
[ERROR]   symbol:   class ContainerProto
[ERROR]   location: class varga.weave.rpc.protocol.YarnContainerManagementProtocolService
[ERROR] /home/devil/git/weave/src/main/java/varga/weave/rpc/protocol/YarnContainerManagementProtocolService.java:[287,122] cannot find symbol
[ERROR]   symbol:   class ContainerLaunchContextProto
[ERROR]   location: class varga.weave.rpc.protocol.YarnContainerManagementProtocolService
[ERROR] /home/devil/git/weave/src/main/java/varga/weave/rpc/protocol/YarnContainerManagementProtocolService.java:[287,204] cannot find symbol
[ERROR]   symbol:   class Pod
[ERROR]   location: class varga.weave.rpc.protocol.YarnContainerManagementProtocolService
[ERROR] /home/devil/git/weave/src/main/java/varga/weave/rpc/protocol/YarnContainerManagementProtocolService.java:[287,296] cannot find symbol
[ERROR]   symbol:   class EnvVar
[ERROR]   location: class varga.weave.rpc.protocol.YarnContainerManagementProtocolService
[ERROR] /home/devil/git/weave/src/main/java/varga/weave/rpc/protocol/YarnContainerManagementProtocolService.java:[287,313] cannot find symbol
[ERROR]   symbol:   class Container
[ERROR]   location: class varga.weave.rpc.protocol.YarnContainerManagementProtocolService
[ERROR] -> [Help 1]
[ERROR] 
[ERROR] To see the full stack trace of the errors, re-run Maven with the -e switch.
[ERROR] Re-run Maven using the -X switch to enable full debug logging.
[ERROR] 
[ERROR] For more information about the errors and possible solutions, please read the following articles:
[ERROR] [Help 1] http://cwiki.apache.org/confluence/display/MAVEN/MojoFailureException
